[2025-10-26T11:26:47.354Z] queued to mylearnings2715@gmail.com | Product Order from Test Customer
[2025-10-26T11:26:47.354Z] sent to mylearnings2715@gmail.com | Product Order from Test Customer
[2025-10-26T11:28:07.822Z] queued to mylearnings2715@gmail.com | Contact Form from John Doe
[2025-10-26T11:28:07.822Z] sent to mylearnings2715@gmail.com | Contact Form from John Doe
[2025-10-26T11:46:30.385Z] queued to mylearnings2715@gmail.com | Product Order from Gokul R
[2025-10-26T11:46:30.385Z] sent to mylearnings2715@gmail.com | Product Order from Gokul R
[2025-10-26T11:52:20.291Z] queued to mylearnings2715@gmail.com | Product Order from Gokul R
[2025-10-26T11:52:20.291Z] sent to mylearnings2715@gmail.com | Product Order from Gokul R
[2025-10-26T11:59:43.909Z] queued to mylearnings2715@gmail.com | Product Order from Gokul R
[2025-10-26T11:59:43.909Z] sent to mylearnings2715@gmail.com | Product Order from Gokul R
[2025-10-26T12:06:36.076Z] queued to mylearnings2715@gmail.com | Product Order from Gokul R
[2025-10-26T12:06:36.076Z] sent to mylearnings2715@gmail.com | Product Order from Gokul R
[2025-10-27T07:27:18.298Z] queued to mylearnings2715@gmail.com | Product Order from Gokul R
[2025-10-27T07:27:18.298Z] sent to mylearnings2715@gmail.com | Product Order from Gokul R
[2025-10-29T15:12:27.073Z] queued to mylearnings2715@gmail.com | Product Order from Gokul R
[2025-10-29T15:12:33.918Z] queued to mylearnings2715@gmail.com | Product Order from Gokul R
[2025-10-29T15:12:35.836Z] queued to mylearnings2715@gmail.com | Product Order from Gokul R
[2025-10-29T15:12:27.073Z] sent to mylearnings2715@gmail.com | Product Order from Gokul R
[2025-10-29T15:12:33.918Z] sent to mylearnings2715@gmail.com | Product Order from Gokul R
[2025-10-29T15:12:35.836Z] sent to mylearnings2715@gmail.com | Product Order from Gokul R
[2025-11-02T05:29:24.760Z] queued to mylearnings2715@gmail.com | Product Order from Gokul R
[2025-11-02T05:35:07.372Z] queued to mylearnings2715@gmail.com | Product Order from Gokul R
[2025-11-02T05:35:09.426Z] queued to mylearnings2715@gmail.com | Product Order from Gokul R
[2025-11-02T05:39:04.193Z] queued to mylearnings2715@gmail.com | Product Order from Gokul R
[2025-11-02T05:39:23.598Z] queued to mylearnings2715@gmail.com | Product Order from Gokul R
[2025-11-02T05:42:05.752Z] queued to mylearnings2715@gmail.com | Product Order from Gokul R
[2025-11-02T06:51:03.380Z] queued to mylearnings2715@gmail.com | Product Order from Gokul R
[2025-11-02T06:53:46.883Z] queued to mylearnings2715@gmail.com | Product Order from Gokul R
[2025-11-02T06:55:58.247Z] queued to mylearnings2715@gmail.com | Product Order from Gokul R
[2025-11-02T06:58:55.975Z] queued to mylearnings2715@gmail.com | Product Order from Gokul R
[2025-11-02T06:59:07.683Z] queued to mylearnings2715@gmail.com | Product Order from Gokul R
[2025-11-02T06:59:13.354Z] queued to mylearnings2715@gmail.com | Product Order from Gokul R
[2025-11-02T06:59:13.882Z] queued to mylearnings2715@gmail.com | Product Order from Gokul R
[2025-11-02T07:06:29.029Z] queued to mylearnings2715@gmail.com | Product Order from Gokul R
[2025-11-02T07:06:31.486Z] queued to mylearnings2715@gmail.com | Product Order from Gokul R
[2025-11-02T07:06:31.486Z] sent to mylearnings2715@gmail.com | Product Order from Gokul R
[2025-11-02T07:06:29.029Z] sent to mylearnings2715@gmail.com | Product Order from Gokul R
[2025-11-02T07:06:46.090Z] queued to mylearnings2715@gmail.com | Product Order from Gokul R
[2025-11-02T07:06:51.531Z] queued to mylearnings2715@gmail.com | Product Order from Gokul R
[2025-11-02T07:06:52.048Z] queued to mylearnings2715@gmail.com | Product Order from Gokul R
[2025-11-02T07:06:46.090Z] sent to mylearnings2715@gmail.com | Product Order from Gokul R
[2025-11-02T07:06:52.295Z] queued to mylearnings2715@gmail.com | Product Order from Gokul R
[2025-11-02T07:06:52.544Z] queued to mylearnings2715@gmail.com | Product Order from Gokul R
[2025-11-02T07:06:51.531Z] sent to mylearnings2715@gmail.com | Product Order from Gokul R
[2025-11-02T07:06:52.048Z] sent to mylearnings2715@gmail.com | Product Order from Gokul R
[2025-11-02T07:06:52.295Z] sent to mylearnings2715@gmail.com | Product Order from Gokul R
[2025-11-02T07:06:52.544Z] sent to mylearnings2715@gmail.com | Product Order from Gokul R
[2025-11-02T07:31:16.819Z] queued to mylearnings2715@gmail.com | Product Order from Gokul R
[2025-11-02T07:31:16.819Z] sent to mylearnings2715@gmail.com | Product Order from Gokul R